I'm sorry, but errors were detected in your script. Please correct the
errors listed below, and try again.


File "game/script.rpy", line 1: expected statement.
    ﻿default situation_ = SituationSpe("situation_")
                        ^

File "game/script.rpy", line 3: expected statement.
    ﻿
     ^

Ren'Py Version: Ren'Py 7.4.11.2266
Thu Aug 11 22:58:58 2022
